fp32: 10/60 marcos de prueba SINTÉTICOS
fp32: 20/60 marcos de prueba SINTÉTICOS
fp32: 30/60 marcos de prueba SINTÉTICOS
fp32: 40/60 marcos de prueba SINTÉTICOS
fp32: 50/60 marcos de prueba SINTÉTICOS
fp32: 60/60 marcos de prueba SINTÉTICOS
fp32 {"archivo": "broca-y8n-v0-sint.onnx", "mb": 11.7, "unidad": "MiB", "bytes": 12265771, "cumple_10_MB_decimal": false, "conteo_total": {"n": 60, "mae": 26.93, "sesgo": 26.57, "error_relativo_medio_%": 194.1}, "por_densidad": {"<50": {"n": 25, "mae": 19.72, "sesgo": 19.72, "error_relativo_medio_%": 527.1}, "50-300": {"n": 17, "mae": 26.35, "sesgo": 25.88, "error_relativo_medio_%": 18.5}, ">300": {"n": 18, "mae": 37.5, "sesgo": 36.72, "error_relativo_medio_%": 8.7}}, "marcos_con_0_brocas": {"n": 6, "falsos_positivos_medios": 21.5}, "marcos_dudosos_%": 16.7, "deteccion_iou50": {"precision": 0.855, "recall": 0.973, "f1": 0.91}, "latencia_ms_mosaico": {"durante_eval_media": 160.8, "hilos_por_defecto_mediana": 162.3, "1_hilo_mediana": 327.3}}
int8: 10/60 marcos de prueba SINTÉTICOS
int8: 20/60 marcos de prueba SINTÉTICOS
int8: 30/60 marcos de prueba SINTÉTICOS
int8: 40/60 marcos de prueba SINTÉTICOS
int8: 50/60 marcos de prueba SINTÉTICOS
int8: 60/60 marcos de prueba SINTÉTICOS
int8 {"archivo": "broca-y8n-v0-sint-int8.onnx", "mb": 3.2, "unidad": "MiB", "bytes": 3356012, "cumple_10_MB_decimal": true, "conteo_total": {"n": 60, "mae": 25.65, "sesgo": 25.28, "error_relativo_medio_%": 177.3}, "por_densidad": {"<50": {"n": 25, "mae": 18.6, "sesgo": 18.6, "error_relativo_medio_%": 480.1}, "50-300": {"n": 17, "mae": 25.65, "sesgo": 25.06, "error_relativo_medio_%": 17.9}, ">300": {"n": 18, "mae": 35.44, "sesgo": 34.78, "error_relativo_medio_%": 8.2}}, "marcos_con_0_brocas": {"n": 6, "falsos_positivos_medios": 21.0}, "marcos_dudosos_%": 18.3, "deteccion_iou50": {"precision": 0.86, "recall": 0.973, "f1": 0.913}, "latencia_ms_mosaico": {"durante_eval_media": 236.4, "hilos_por_defecto_mediana": 238.1, "1_hilo_mediana": 371.6}}
w8: 10/60 marcos de prueba SINTÉTICOS
w8: 20/60 marcos de prueba SINTÉTICOS
w8: 30/60 marcos de prueba SINTÉTICOS
w8: 40/60 marcos de prueba SINTÉTICOS
w8: 50/60 marcos de prueba SINTÉTICOS
w8: 60/60 marcos de prueba SINTÉTICOS
w8 {"archivo": "broca-y8n-v0-sint-w8.onnx", "mb": 3.15, "unidad": "MiB", "bytes": 3308224, "cumple_10_MB_decimal": true, "conteo_total": {"n": 60, "mae": 26.42, "sesgo": 26.12, "error_relativo_medio_%": 189.8}, "por_densidad": {"<50": {"n": 25, "mae": 19.32, "sesgo": 19.32, "error_relativo_medio_%": 515.2}, "50-300": {"n": 17, "mae": 25.88, "sesgo": 25.29, "error_relativo_medio_%": 18.0}, ">300": {"n": 18, "mae": 36.78, "sesgo": 36.33, "error_relativo_medio_%": 8.5}}, "marcos_con_0_brocas": {"n": 6, "falsos_positivos_medios": 21.17}, "marcos_dudosos_%": 11.7, "deteccion_iou50": {"precision": 0.857, "recall": 0.973, "f1": 0.911}, "latencia_ms_mosaico": {"durante_eval_media": 193.8, "hilos_por_defecto_mediana": 192.5, "1_hilo_mediana": 433.8}}
fp32: 10/60 marcos de validación SINTÉTICOS
fp32: 20/60 marcos de validación SINTÉTICOS
fp32: 30/60 marcos de validación SINTÉTICOS
fp32: 40/60 marcos de validación SINTÉTICOS
fp32: 50/60 marcos de validación SINTÉTICOS
fp32: 60/60 marcos de validación SINTÉTICOS
int8: 10/60 marcos de validación SINTÉTICOS
int8: 20/60 marcos de validación SINTÉTICOS
int8: 30/60 marcos de validación SINTÉTICOS
int8: 40/60 marcos de validación SINTÉTICOS
int8: 50/60 marcos de validación SINTÉTICOS
int8: 60/60 marcos de validación SINTÉTICOS
w8: 10/60 marcos de validación SINTÉTICOS
w8: 20/60 marcos de validación SINTÉTICOS
w8: 30/60 marcos de validación SINTÉTICOS
w8: 40/60 marcos de validación SINTÉTICOS
w8: 50/60 marcos de validación SINTÉTICOS
w8: 60/60 marcos de validación SINTÉTICOS
umbral propuesto {'fp32': 0.75, 'int8': 0.75, 'w8': 0.75} {'fp32': {'n': 60, 'mae': 13.75, 'sesgo': 3.15, 'error_relativo_medio_%': 104.7}, 'int8': {'n': 60, 'mae': 14.05, 'sesgo': 2.48, 'error_relativo_medio_%': 104.0}, 'w8': {'n': 60, 'mae': 13.43, 'sesgo': 3.2, 'error_relativo_medio_%': 105.9}}
{
 "recomendacion": {
  "variante": "int8",
  "criterio": "entre las variantes del contrato (fp32, int8): MAE ≤ 1,1×MAE fp32 + 0,5 (= 30.12), tamaño < 10 MB y, de esas, la más rápida a 1 hilo (como WASM sin aislamiento). Si ninguna cumple el tamaño, la más rápida con precisión aceptable.",
  "tabla": {
   "fp32": {
    "mae": 26.93,
    "mb": 11.7,
    "latencia_1_hilo_ms": 327.3,
    "latencia_hilos_def_ms": 162.3,
    "precision_ok": true,
    "cumple_10mb": false
   },
   "int8": {
    "mae": 25.65,
    "mb": 3.2,
    "latencia_1_hilo_ms": 371.6,
    "latencia_hilos_def_ms": 238.1,
    "precision_ok": true,
    "cumple_10mb": true
   },
   "w8": {
    "mae": 26.42,
    "mb": 3.15,
    "latencia_1_hilo_ms": 433.8,
    "latencia_hilos_def_ms": 192.5,
    "precision_ok": true,
    "cumple_10mb": true
   }
  }
 },
 "barrido_score_fp32": [
  {
   "score": 0.25,
   "n": 60,
   "mae": 56.4,
   "sesgo": 56.4,
   "error_relativo_medio_%": 351.3
  },
  {
   "score": 0.3,
   "n": 60,
   "mae": 52.37,
   "sesgo": 52.37,
   "error_relativo_medio_%": 327.5
  },
  {
   "score": 0.35,
   "n": 60,
   "mae": 47.73,
   "sesgo": 47.73,
   "error_relativo_medio_%": 295.4
  },
  {
   "score": 0.4,
   "n": 60,
   "mae": 44.02,
   "sesgo": 44.02,
   "error_relativo_medio_%": 283.0
  },
  {
   "score": 0.5,
   "n": 60,
   "mae": 36.17,
   "sesgo": 36.17,
   "error_relativo_medio_%": 248.1
  },
  {
   "score": 0.6,
   "n": 60,
   "mae": 26.93,
   "sesgo": 26.57,
   "error_relativo_medio_%": 194.1
  },
  {
   "score": 0.7,
   "n": 60,
   "mae": 16.48,
   "sesgo": 12.88,
   "error_relativo_medio_%": 141.9
  },
  {
   "score": 0.8,
   "n": 60,
   "mae": 20.0,
   "sesgo": -12.9,
   "error_relativo_medio_%": 66.2
  },
  {
   "score": 0.9,
   "n": 60,
   "mae": 161.05,
   "sesgo": -161.05,
   "error_relativo_medio_%": 83.3
  }
 ]
}
